

================================================================
== Vivado HLS Report for 'mixer'
================================================================
* Date:           Sat Oct  5 07:11:47 2019

* Version:        2019.1.3 (Build 2642998 on Wed Sep 04 10:25:22 MDT 2019)
* Project:        duc_prj
* Solution:       solution1
* Product family: virtexuplus
* Target device:  xcvu9p-flgb2104-1-e


================================================================
== Performance Estimates
================================================================
+ Timing (ns): 
    * Summary: 
    +--------+-------+----------+------------+
    |  Clock | Target| Estimated| Uncertainty|
    +--------+-------+----------+------------+
    |ap_clk  |   2.71|     2.519|        0.34|
    +--------+-------+----------+------------+

+ Latency (clock cycles): 
    * Summary: 
    +-----+-----+-----+-----+---------+
    |  Latency  |  Interval | Pipeline|
    | min | max | min | max |   Type  |
    +-----+-----+-----+-----+---------+
    |    1|    6|    1|    6|   none  |
    +-----+-----+-----+-----+---------+

    + Detail: 
        * Instance: 
        N/A

        * Loop: 
        N/A



================================================================
== Utilization Estimates
================================================================
* Summary: 
+---------------------+---------+-------+---------+---------+-----+
|         Name        | BRAM_18K| DSP48E|    FF   |   LUT   | URAM|
+---------------------+---------+-------+---------+---------+-----+
|DSP                  |        -|      3|        -|        -|    -|
|Expression           |        -|      -|        0|      119|    -|
|FIFO                 |        -|      -|        -|        -|    -|
|Instance             |        -|      -|        -|        -|    -|
|Memory               |        0|      -|       68|       13|    0|
|Multiplexer          |        -|      -|        -|       56|    -|
|Register             |        -|      -|      178|        -|    -|
+---------------------+---------+-------+---------+---------+-----+
|Total                |        0|      3|      246|      188|    0|
+---------------------+---------+-------+---------+---------+-----+
|Available SLR        |     1440|   2280|   788160|   394080|  320|
+---------------------+---------+-------+---------+---------+-----+
|Utilization SLR (%)  |        0|   ~0  |    ~0   |    ~0   |    0|
+---------------------+---------+-------+---------+---------+-----+
|Available            |     4320|   6840|  2364480|  1182240|  960|
+---------------------+---------+-------+---------+---------+-----+
|Utilization (%)      |        0|   ~0  |    ~0   |    ~0   |    0|
+---------------------+---------+-------+---------+---------+-----+

+ Detail: 
    * Instance: 
    N/A

    * DSP48E: 
    +--------------------------+----------------------+---------------------+
    |         Instance         |        Module        |      Expression     |
    +--------------------------+----------------------+---------------------+
    |duc_am_submul_16scud_U11  |duc_am_submul_16scud  |    (i0 - i1) * i2   |
    |duc_ama_addmuladdeOg_U13  |duc_ama_addmuladdeOg  | (i0 + i1) * i2 + i3 |
    |duc_ama_submuladddEe_U12  |duc_ama_submuladddEe  | (i0 - i1) * i2 + i3 |
    +--------------------------+----------------------+---------------------+

    * Memory: 
    +-------------+-----------------+---------+----+----+-----+------+-----+------+-------------+
    |    Memory   |      Module     | BRAM_18K| FF | LUT| URAM| Words| Bits| Banks| W*Bits*Banks|
    +-------------+-----------------+---------+----+----+-----+------+-----+------+-------------+
    |DI_cache_U   |mixer_DI_cache   |        0|  36|   5|    0|    16|   18|     1|          288|
    |dds_table_U  |mixer_dds_table  |        0|  32|   8|    0|    32|   16|     1|          512|
    +-------------+-----------------+---------+----+----+-----+------+-----+------+-------------+
    |Total        |                 |        0|  68|  13|    0|    48|   34|     2|          800|
    +-------------+-----------------+---------+----+----+-----+------+-----+------+-------------+

    * FIFO: 
    N/A

    * Expression: 
    +---------------------+----------+-------+---+----+------------+------------+
    |    Variable Name    | Operation| DSP48E| FF| LUT| Bitwidth P0| Bitwidth P1|
    +---------------------+----------+-------+---+----+------------+------------+
    |add_ln12_fu_197_p2   |     +    |      0|  0|  23|          16|          16|
    |add_ln69_fu_311_p2   |     +    |      0|  0|  12|           4|           1|
    |inc_fu_145_p2        |     +    |      0|  0|  11|           3|           1|
    |phase2_fu_228_p2     |     -    |      0|  0|  15|           4|           5|
    |and_ln45_fu_183_p2   |    and   |      0|  0|   2|           1|           1|
    |icmp_ln62_fu_284_p2  |   icmp   |      0|  0|   9|           4|           2|
    |icmp_ln68_fu_295_p2  |   icmp   |      0|  0|   9|           4|           2|
    |icmp_ln70_fu_322_p2  |   icmp   |      0|  0|   9|           3|           3|
    |valid_in_fu_161_p2   |   icmp   |      0|  0|   8|           2|           1|
    |freq_dds_fu_171_p3   |  select  |      0|  0|  16|           1|           1|
    |inc_1_fu_327_p3      |  select  |      0|  0|   3|           1|           1|
    |xor_ln68_fu_300_p2   |    xor   |      0|  0|   2|           1|           2|
    +---------------------+----------+-------+---+----+------------+------------+
    |Total                |          |      0|  0| 119|          44|          36|
    +---------------------+----------+-------+---+----+------------+------------+

    * Multiplexer: 
    +-------------------+----+-----------+-----+-----------+
    |        Name       | LUT| Input Size| Bits| Total Bits|
    +-------------------+----+-----------+-----+-----------+
    |DI_cache_address0  |  15|          3|    4|         12|
    |ap_NS_fsm          |  41|          8|    1|          8|
    +-------------------+----+-----------+-----+-----------+
    |Total              |  56|         11|    5|         20|
    +-------------------+----+-----------+-----+-----------+

    * Register: 
    +--------------------+----+----+-----+-----------+
    |        Name        | FF | LUT| Bits| Const Bits|
    +--------------------+----+----+-----+-----------+
    |acc                 |  16|   0|   16|          0|
    |add_ln59_reg_457    |  32|   0|   32|          0|
    |add_ln60_reg_462    |  32|   0|   32|          0|
    |and_ln45_reg_391    |   1|   0|    1|          0|
    |ap_CS_fsm           |   7|   0|    7|          0|
    |ch_1                |   1|   0|    1|          0|
    |ch_1_load_reg_386   |   1|   0|    1|          0|
    |cosine_reg_425      |  16|   0|   16|          0|
    |i_1                 |   3|   0|    3|          0|
    |i_1_load_reg_372    |   3|   0|    3|          0|
    |inc_reg_377         |   3|   0|    3|          0|
    |index               |   4|   0|    4|          0|
    |index_load_reg_395  |   4|   0|    4|          0|
    |init_1              |   1|   0|    1|          0|
    |mul_ln4_reg_441     |  32|   0|   32|          0|
    |phase1_reg_403      |   5|   0|    5|          0|
    |sine_reg_419        |  16|   0|   16|          0|
    |valid_in_reg_382    |   1|   0|    1|          0|
    +--------------------+----+----+-----+-----------+
    |Total               | 178|   0|  178|          0|
    +--------------------+----+----+-----+-----------+



================================================================
== Interface
================================================================
* Summary: 
+---------------+-----+-----+------------+--------------+--------------+
|   RTL Ports   | Dir | Bits|  Protocol  | Source Object|    C Type    |
+---------------+-----+-----+------------+--------------+--------------+
|ap_clk         |  in |    1| ap_ctrl_hs |     mixer    | return value |
|ap_rst         |  in |    1| ap_ctrl_hs |     mixer    | return value |
|ap_start       |  in |    1| ap_ctrl_hs |     mixer    | return value |
|ap_done        | out |    1| ap_ctrl_hs |     mixer    | return value |
|ap_idle        | out |    1| ap_ctrl_hs |     mixer    | return value |
|ap_ready       | out |    1| ap_ctrl_hs |     mixer    | return value |
|freq           |  in |   16|   ap_none  |     freq     |    scalar    |
|Din            |  in |   18|   ap_none  |      Din     |    scalar    |
|Dout_I         | out |   18|   ap_vld   |    Dout_I    |    pointer   |
|Dout_I_ap_vld  | out |    1|   ap_vld   |    Dout_I    |    pointer   |
|Dout_Q         | out |   18|   ap_vld   |    Dout_Q    |    pointer   |
|Dout_Q_ap_vld  | out |    1|   ap_vld   |    Dout_Q    |    pointer   |
+---------------+-----+-----+------------+--------------+--------------+

