

================================================================
== Vivado HLS Report for 'mixer'
================================================================
* Date:           Tue Feb 11 19:58:36 2020

* Version:        2019.2 (Build 2704478 on Wed Nov 06 22:10:23 MST 2019)
* Project:        duc_prj
* Solution:       solution1
* Product family: kintex7
* Target device:  xc7k160t-fbg484-1


================================================================
== Performance Estimates
================================================================
+ Timing: 
    * Summary: 
    +--------+---------+----------+------------+
    |  Clock |  Target | Estimated| Uncertainty|
    +--------+---------+----------+------------+
    |ap_clk  | 2.71 ns | 2.710 ns |   0.34 ns  |
    +--------+---------+----------+------------+

+ Latency: 
    * Summary: 
    +---------+---------+----------+-----------+-----+-----+---------+
    |  Latency (cycles) |  Latency (absolute)  |  Interval | Pipeline|
    |   min   |   max   |    min   |    max    | min | max |   Type  |
    +---------+---------+----------+-----------+-----+-----+---------+
    |        1|        9| 2.710 ns | 24.390 ns |    1|    9|   none  |
    +---------+---------+----------+-----------+-----+-----+---------+

    + Detail: 
        * Instance: 
        N/A

        * Loop: 
        N/A

============================================================
+ Verbose Summary: Synthesis Manager
============================================================
InlineROM: 1
ExposeGlobal: 0
============================================================
+ Verbose Summary: CDFG Model
============================================================
IsTopModel: 0
ResetActiveHigh: 1
IsCombinational: 0
IsDatapathOnly: 0
HasWiredReturn: 1
HasMFsm: 0
HasVarLatency: 1
IsPipeline: 0
IsRtlPipelined: 0
IsInstanceOverlapped: 0
IsDontTouch: 0
HasImplIP: 0
IsGatedGlobalClock: 0


============================================================
+ Verbose Summary: Schedule
============================================================
* Number of FSM states : 10
* Pipeline : 0
* Dataflow Pipeline: 0

* FSM state transitions: 
1 --> 2 10 
2 --> 3 
3 --> 4 
4 --> 5 
5 --> 6 
6 --> 7 
7 --> 8 
8 --> 9 
9 --> 10 
10 --> 

* FSM state operations: 

State 1 <SV = 0> <Delay = 2.03>
ST_1 : Operation 11 [1/1] (0.00ns)   --->   "%Din_read = call i18 @_ssdm_op_Read.ap_auto.i18(i18 %Din) nounwind" [mixer.c:22]   --->   Operation 11 'read' 'Din_read' <Predicate = true> <Delay = 0.00>
ST_1 : Operation 12 [1/1] (0.00ns)   --->   "%freq_read = call i16 @_ssdm_op_Read.ap_auto.i16(i16 %freq) nounwind" [mixer.c:22]   --->   Operation 12 'read' 'freq_read' <Predicate = true> <Delay = 0.00>
ST_1 : Operation 13 [1/1] (0.00ns)   --->   "%i_1_load = load i3* @i_1, align 1" [mixer.c:37]   --->   Operation 13 'load' 'i_1_load' <Predicate = true> <Delay = 0.00>
ST_1 : Operation 14 [1/1] (1.16ns)   --->   "%inc = add i3 %i_1_load, 1" [mixer.c:37]   --->   Operation 14 'add' 'inc' <Predicate = true> <Delay = 1.16> <Core = "AddSub">   --->   Core 14 'AddSub' <Latency = 0> <II = 1> <Delay = 1.32> <FuncUnit> <Opcode : 'add' 'sub'> <InPorts = 2> <OutPorts = 1>
ST_1 : Operation 15 [1/1] (0.00ns)   --->   "%tmp_3 = call i2 @_ssdm_op_PartSelect.i2.i3.i32.i32(i3 %i_1_load, i32 1, i32 2)" [mixer.c:38]   --->   Operation 15 'partselect' 'tmp_3' <Predicate = true> <Delay = 0.00>
ST_1 : Operation 16 [1/1] (0.64ns)   --->   "%valid_in = icmp eq i2 %tmp_3, 0" [mixer.c:38]   --->   Operation 16 'icmp' 'valid_in' <Predicate = true> <Delay = 0.64> <Core = "Cmp">   --->   Core 25 'Cmp' <Latency = 0> <II = 1> <Delay = 0.86> <FuncUnit> <Opcode : 'icmp'> <InPorts = 2> <OutPorts = 1>
ST_1 : Operation 17 [1/1] (0.00ns)   --->   "%init_1_load = load i1* @init_1, align 1" [mixer.c:39]   --->   Operation 17 'load' 'init_1_load' <Predicate = true> <Delay = 0.00>
ST_1 : Operation 18 [1/1] (0.54ns)   --->   "%freq_dds = select i1 %init_1_load, i16 0, i16 %freq_read" [mixer.c:39]   --->   Operation 18 'select' 'freq_dds' <Predicate = true> <Delay = 0.54> <Core = "Sel">   --->   Core 26 'Sel' <Latency = 0> <II = 1> <Delay = 0.65> <FuncUnit> <Opcode : 'select'> <InPorts = 3> <OutPorts = 1>
ST_1 : Operation 19 [1/1] (0.00ns)   --->   "%ch_1_load = load i1* @ch_1, align 1" [mixer.c:45]   --->   Operation 19 'load' 'ch_1_load' <Predicate = true> <Delay = 0.00>
ST_1 : Operation 20 [1/1] (0.61ns)   --->   "%and_ln45 = and i1 %ch_1_load, %valid_in" [mixer.c:45]   --->   Operation 20 'and' 'and_ln45' <Predicate = true> <Delay = 0.61> <Core = "LogicGate">   --->   Core 27 'LogicGate' <Latency = 0> <II = 1> <Delay = 0.61> <FuncUnit> <Opcode : 'and' 'or' 'xor'> <InPorts = 2> <OutPorts = 1>
ST_1 : Operation 21 [1/1] (0.00ns)   --->   "%index_load = load i4* @index, align 1" [mixer.c:46]   --->   Operation 21 'load' 'index_load' <Predicate = true> <Delay = 0.00>
ST_1 : Operation 22 [1/1] (0.00ns)   --->   "br i1 %and_ln45, label %1, label %2" [mixer.c:45]   --->   Operation 22 'br' <Predicate = true> <Delay = 0.00>
ST_1 : Operation 23 [1/1] (0.00ns)   --->   "br i1 %valid_in, label %3, label %._crit_edge" [mixer.c:48]   --->   Operation 23 'br' <Predicate = (!and_ln45)> <Delay = 0.00>
ST_1 : Operation 24 [1/1] (0.00ns)   --->   "%acc_load = load i16* @acc, align 2" [dds.c:12->mixer.c:49]   --->   Operation 24 'load' 'acc_load' <Predicate = (!and_ln45 & valid_in)> <Delay = 0.00>
ST_1 : Operation 25 [1/1] (1.48ns)   --->   "%add_ln12 = add i16 %acc_load, %freq_dds" [dds.c:12->mixer.c:49]   --->   Operation 25 'add' 'add_ln12' <Predicate = (!and_ln45 & valid_in)> <Delay = 1.48> <Core = "AddSub">   --->   Core 14 'AddSub' <Latency = 0> <II = 1> <Delay = 1.32> <FuncUnit> <Opcode : 'add' 'sub'> <InPorts = 2> <OutPorts = 1>
ST_1 : Operation 26 [1/1] (0.00ns)   --->   "store i16 %add_ln12, i16* @acc, align 2" [dds.c:12->mixer.c:49]   --->   Operation 26 'store' <Predicate = (!and_ln45 & valid_in)> <Delay = 0.00>
ST_1 : Operation 27 [1/1] (0.00ns)   --->   "%phase1 = call i5 @_ssdm_op_PartSelect.i5.i16.i32.i32(i16 %add_ln12, i32 11, i32 15)" [dds.c:24->mixer.c:49]   --->   Operation 27 'partselect' 'phase1' <Predicate = (!and_ln45 & valid_in)> <Delay = 0.00>
ST_1 : Operation 28 [1/1] (0.00ns)   --->   "%zext_ln46 = zext i4 %index_load to i64" [mixer.c:46]   --->   Operation 28 'zext' 'zext_ln46' <Predicate = (and_ln45)> <Delay = 0.00>
ST_1 : Operation 29 [1/1] (0.00ns)   --->   "%DI_cache_addr = getelementptr inbounds [16 x i18]* @DI_cache, i64 0, i64 %zext_ln46" [mixer.c:46]   --->   Operation 29 'getelementptr' 'DI_cache_addr' <Predicate = (and_ln45)> <Delay = 0.00>
ST_1 : Operation 30 [1/1] (1.42ns)   --->   "store i18 %Din_read, i18* %DI_cache_addr, align 4" [mixer.c:46]   --->   Operation 30 'store' <Predicate = (and_ln45)> <Delay = 1.42> <Core = "RAM">   --->   Core 37 'RAM' <Latency = 1> <II = 1> <Delay = 1.42> <Storage> <Opcode : 'load' 'store'> <Ports = 2> <Width = 18> <Depth = 16> <RAM>
ST_1 : Operation 31 [1/1] (0.00ns)   --->   "br label %5" [mixer.c:47]   --->   Operation 31 'br' <Predicate = (and_ln45)> <Delay = 0.00>

State 2 <SV = 1> <Delay = 1.33>
ST_2 : Operation 32 [1/1] (1.33ns)   --->   "%phase2 = sub i5 8, %phase1" [dds.c:32->mixer.c:49]   --->   Operation 32 'sub' 'phase2' <Predicate = true> <Delay = 1.33> <Core = "AddSub">   --->   Core 14 'AddSub' <Latency = 0> <II = 1> <Delay = 1.32> <FuncUnit> <Opcode : 'add' 'sub'> <InPorts = 2> <OutPorts = 1>

State 3 <SV = 2> <Delay = 1.33>
ST_3 : Operation 33 [1/1] (0.00ns)   --->   "%zext_ln26 = zext i5 %phase1 to i64" [dds.c:26->mixer.c:49]   --->   Operation 33 'zext' 'zext_ln26' <Predicate = true> <Delay = 0.00>
ST_3 : Operation 34 [1/1] (0.00ns)   --->   "%dds_table_addr = getelementptr inbounds [32 x i16]* @dds_table, i64 0, i64 %zext_ln26" [dds.c:26->mixer.c:49]   --->   Operation 34 'getelementptr' 'dds_table_addr' <Predicate = true> <Delay = 0.00>
ST_3 : Operation 35 [2/2] (1.33ns)   --->   "%sine = load i16* %dds_table_addr, align 2" [dds.c:26->mixer.c:49]   --->   Operation 35 'load' 'sine' <Predicate = true> <Delay = 1.33> <Core = "ROM_nP">   --->   Core 52 'ROM_nP' <Latency = 1> <II = 1> <Delay = 1.33> <Storage> <Opcode : 'load'> <Ports = 0> <Width = 16> <Depth = 32> <ROM>
ST_3 : Operation 36 [1/1] (0.00ns)   --->   "%zext_ln33 = zext i5 %phase2 to i64" [dds.c:33->mixer.c:49]   --->   Operation 36 'zext' 'zext_ln33' <Predicate = true> <Delay = 0.00>
ST_3 : Operation 37 [1/1] (0.00ns)   --->   "%dds_table_addr_1 = getelementptr inbounds [32 x i16]* @dds_table, i64 0, i64 %zext_ln33" [dds.c:33->mixer.c:49]   --->   Operation 37 'getelementptr' 'dds_table_addr_1' <Predicate = true> <Delay = 0.00>
ST_3 : Operation 38 [2/2] (1.33ns)   --->   "%cosine = load i16* %dds_table_addr_1, align 2" [dds.c:33->mixer.c:49]   --->   Operation 38 'load' 'cosine' <Predicate = true> <Delay = 1.33> <Core = "ROM_nP">   --->   Core 52 'ROM_nP' <Latency = 1> <II = 1> <Delay = 1.33> <Storage> <Opcode : 'load'> <Ports = 0> <Width = 16> <Depth = 32> <ROM>

State 4 <SV = 3> <Delay = 1.33>
ST_4 : Operation 39 [1/2] (1.33ns)   --->   "%sine = load i16* %dds_table_addr, align 2" [dds.c:26->mixer.c:49]   --->   Operation 39 'load' 'sine' <Predicate = true> <Delay = 1.33> <Core = "ROM_nP">   --->   Core 52 'ROM_nP' <Latency = 1> <II = 1> <Delay = 1.33> <Storage> <Opcode : 'load'> <Ports = 0> <Width = 16> <Depth = 32> <ROM>
ST_4 : Operation 40 [1/2] (1.33ns)   --->   "%cosine = load i16* %dds_table_addr_1, align 2" [dds.c:33->mixer.c:49]   --->   Operation 40 'load' 'cosine' <Predicate = true> <Delay = 1.33> <Core = "ROM_nP">   --->   Core 52 'ROM_nP' <Latency = 1> <II = 1> <Delay = 1.33> <Storage> <Opcode : 'load'> <Ports = 0> <Width = 16> <Depth = 32> <ROM>

State 5 <SV = 4> <Delay = 2.71>
ST_5 : Operation 41 [1/1] (0.00ns)   --->   "%zext_ln50 = zext i4 %index_load to i64" [mixer.c:50]   --->   Operation 41 'zext' 'zext_ln50' <Predicate = true> <Delay = 0.00>
ST_5 : Operation 42 [1/1] (0.00ns)   --->   "%DI_cache_addr_1 = getelementptr inbounds [16 x i18]* @DI_cache, i64 0, i64 %zext_ln50" [mixer.c:50]   --->   Operation 42 'getelementptr' 'DI_cache_addr_1' <Predicate = true> <Delay = 0.00>
ST_5 : Operation 43 [2/2] (1.42ns)   --->   "%Din_re = load i18* %DI_cache_addr_1, align 4" [mixer.c:50]   --->   Operation 43 'load' 'Din_re' <Predicate = true> <Delay = 1.42> <Core = "RAM">   --->   Core 37 'RAM' <Latency = 1> <II = 1> <Delay = 1.42> <Storage> <Opcode : 'load' 'store'> <Ports = 2> <Width = 18> <Depth = 16> <RAM>
ST_5 : Operation 44 [1/1] (0.00ns)   --->   "%sext_ln7 = sext i16 %sine to i17" [mixer.c:7->mixer.c:58]   --->   Operation 44 'sext' 'sext_ln7' <Predicate = true> <Delay = 0.00>
ST_5 : Operation 45 [1/1] (0.00ns)   --->   "%sext_ln7_1 = sext i16 %cosine to i17" [mixer.c:7->mixer.c:58]   --->   Operation 45 'sext' 'sext_ln7_1' <Predicate = true> <Delay = 0.00>
ST_5 : Operation 46 [1/1] (1.62ns) (grouped into DSP with root node mul_ln4)   --->   "%tmp_4 = sub i17 %sext_ln7, %sext_ln7_1" [mixer.c:7->mixer.c:58]   --->   Operation 46 'sub' 'tmp_4' <Predicate = true> <Delay = 1.62> <Core = "DSP48">   --->   Core 88 'DSP48' <Latency = 2> <II = 1> <Delay = 2.66> <IPBlock> <Opcode : 'mul' 'add' 'sub' 'select'> <InPorts = 0> <OutPorts = 1> <Sync> <CReg>
ST_5 : Operation 47 [1/1] (0.00ns)   --->   "%sext_ln4 = sext i18 %Din_read to i32" [mixer.c:4->mixer.c:59]   --->   Operation 47 'sext' 'sext_ln4' <Predicate = true> <Delay = 0.00>
ST_5 : Operation 48 [1/1] (0.00ns) (grouped into DSP with root node mul_ln4)   --->   "%sext_ln4_1 = sext i17 %tmp_4 to i32" [mixer.c:4->mixer.c:59]   --->   Operation 48 'sext' 'sext_ln4_1' <Predicate = true> <Delay = 0.00>
ST_5 : Operation 49 [4/4] (1.09ns) (root node of the DSP)   --->   "%mul_ln4 = mul i32 %sext_ln4_1, %sext_ln4" [mixer.c:4->mixer.c:59]   --->   Operation 49 'mul' 'mul_ln4' <Predicate = true> <Delay = 1.09> <Core = "DSP48">   --->   Core 88 'DSP48' <Latency = 2> <II = 1> <Delay = 2.66> <IPBlock> <Opcode : 'mul' 'add' 'sub' 'select'> <InPorts = 0> <OutPorts = 1> <Sync> <CReg>

State 6 <SV = 5> <Delay = 1.42>
ST_6 : Operation 50 [1/2] (1.42ns)   --->   "%Din_re = load i18* %DI_cache_addr_1, align 4" [mixer.c:50]   --->   Operation 50 'load' 'Din_re' <Predicate = true> <Delay = 1.42> <Core = "RAM">   --->   Core 37 'RAM' <Latency = 1> <II = 1> <Delay = 1.42> <Storage> <Opcode : 'load' 'store'> <Ports = 2> <Width = 18> <Depth = 16> <RAM>
ST_6 : Operation 51 [3/4] (1.09ns) (root node of the DSP)   --->   "%mul_ln4 = mul i32 %sext_ln4_1, %sext_ln4" [mixer.c:4->mixer.c:59]   --->   Operation 51 'mul' 'mul_ln4' <Predicate = true> <Delay = 1.09> <Core = "DSP48">   --->   Core 88 'DSP48' <Latency = 2> <II = 1> <Delay = 2.66> <IPBlock> <Opcode : 'mul' 'add' 'sub' 'select'> <InPorts = 0> <OutPorts = 1> <Sync> <CReg>

State 7 <SV = 6> <Delay = 2.71>
ST_7 : Operation 52 [2/4] (1.09ns) (root node of the DSP)   --->   "%mul_ln4 = mul i32 %sext_ln4_1, %sext_ln4" [mixer.c:4->mixer.c:59]   --->   Operation 52 'mul' 'mul_ln4' <Predicate = true> <Delay = 1.09> <Core = "DSP48">   --->   Core 88 'DSP48' <Latency = 2> <II = 1> <Delay = 2.66> <IPBlock> <Opcode : 'mul' 'add' 'sub' 'select'> <InPorts = 0> <OutPorts = 1> <Sync> <CReg>
ST_7 : Operation 53 [1/1] (0.00ns)   --->   "%sext_ln7_2 = sext i18 %Din_re to i19" [mixer.c:7->mixer.c:59]   --->   Operation 53 'sext' 'sext_ln7_2' <Predicate = true> <Delay = 0.00>
ST_7 : Operation 54 [1/1] (0.00ns)   --->   "%sext_ln7_3 = sext i18 %Din_read to i19" [mixer.c:7->mixer.c:59]   --->   Operation 54 'sext' 'sext_ln7_3' <Predicate = true> <Delay = 0.00>
ST_7 : Operation 55 [1/1] (1.62ns) (grouped into DSP with root node add_ln59)   --->   "%tmp = sub i19 %sext_ln7_2, %sext_ln7_3" [mixer.c:7->mixer.c:59]   --->   Operation 55 'sub' 'tmp' <Predicate = true> <Delay = 1.62> <Core = "DSP48">   --->   Core 88 'DSP48' <Latency = 2> <II = 1> <Delay = 2.66> <IPBlock> <Opcode : 'mul' 'add' 'sub' 'select'> <InPorts = 0> <OutPorts = 1> <Sync> <CReg>
ST_7 : Operation 56 [1/1] (0.00ns)   --->   "%sext_ln7_4 = sext i16 %sine to i32" [mac.c:7->mixer.c:8->mixer.c:59]   --->   Operation 56 'sext' 'sext_ln7_4' <Predicate = true> <Delay = 0.00>
ST_7 : Operation 57 [1/1] (0.00ns) (grouped into DSP with root node add_ln59)   --->   "%sext_ln7_5 = sext i19 %tmp to i32" [mac.c:7->mixer.c:8->mixer.c:59]   --->   Operation 57 'sext' 'sext_ln7_5' <Predicate = true> <Delay = 0.00>
ST_7 : Operation 58 [3/3] (1.09ns) (grouped into DSP with root node add_ln59)   --->   "%m = mul i32 %sext_ln7_5, %sext_ln7_4" [mac.c:7->mixer.c:8->mixer.c:59]   --->   Operation 58 'mul' 'm' <Predicate = true> <Delay = 1.09> <Core = "DSP48">   --->   Core 88 'DSP48' <Latency = 2> <II = 1> <Delay = 2.66> <IPBlock> <Opcode : 'mul' 'add' 'sub' 'select'> <InPorts = 0> <OutPorts = 1> <Sync> <CReg>
ST_7 : Operation 59 [1/1] (1.62ns) (grouped into DSP with root node add_ln60)   --->   "%tmp_5 = add i19 %sext_ln7_2, %sext_ln7_3" [mixer.c:16->mixer.c:60]   --->   Operation 59 'add' 'tmp_5' <Predicate = true> <Delay = 1.62> <Core = "DSP48">   --->   Core 88 'DSP48' <Latency = 2> <II = 1> <Delay = 2.66> <IPBlock> <Opcode : 'mul' 'add' 'sub' 'select'> <InPorts = 0> <OutPorts = 1> <Sync> <CReg>
ST_7 : Operation 60 [1/1] (0.00ns)   --->   "%sext_ln18 = sext i16 %cosine to i32" [mixer.c:18->mixer.c:60]   --->   Operation 60 'sext' 'sext_ln18' <Predicate = true> <Delay = 0.00>
ST_7 : Operation 61 [1/1] (0.00ns) (grouped into DSP with root node add_ln60)   --->   "%sext_ln18_1 = sext i19 %tmp_5 to i32" [mixer.c:18->mixer.c:60]   --->   Operation 61 'sext' 'sext_ln18_1' <Predicate = true> <Delay = 0.00>
ST_7 : Operation 62 [3/3] (1.09ns) (grouped into DSP with root node add_ln60)   --->   "%mul_ln18 = mul i32 %sext_ln18_1, %sext_ln18" [mixer.c:18->mixer.c:60]   --->   Operation 62 'mul' 'mul_ln18' <Predicate = true> <Delay = 1.09> <Core = "DSP48">   --->   Core 88 'DSP48' <Latency = 2> <II = 1> <Delay = 2.66> <IPBlock> <Opcode : 'mul' 'add' 'sub' 'select'> <InPorts = 0> <OutPorts = 1> <Sync> <CReg>

State 8 <SV = 7> <Delay = 1.09>
ST_8 : Operation 63 [1/4] (0.00ns) (root node of the DSP)   --->   "%mul_ln4 = mul i32 %sext_ln4_1, %sext_ln4" [mixer.c:4->mixer.c:59]   --->   Operation 63 'mul' 'mul_ln4' <Predicate = true> <Delay = 0.00> <Core = "DSP48">   --->   Core 88 'DSP48' <Latency = 2> <II = 1> <Delay = 2.66> <IPBlock> <Opcode : 'mul' 'add' 'sub' 'select'> <InPorts = 0> <OutPorts = 1> <Sync> <CReg>
ST_8 : Operation 64 [2/3] (1.09ns) (grouped into DSP with root node add_ln59)   --->   "%m = mul i32 %sext_ln7_5, %sext_ln7_4" [mac.c:7->mixer.c:8->mixer.c:59]   --->   Operation 64 'mul' 'm' <Predicate = true> <Delay = 1.09> <Core = "DSP48">   --->   Core 88 'DSP48' <Latency = 2> <II = 1> <Delay = 2.66> <IPBlock> <Opcode : 'mul' 'add' 'sub' 'select'> <InPorts = 0> <OutPorts = 1> <Sync> <CReg>
ST_8 : Operation 65 [2/3] (1.09ns) (grouped into DSP with root node add_ln60)   --->   "%mul_ln18 = mul i32 %sext_ln18_1, %sext_ln18" [mixer.c:18->mixer.c:60]   --->   Operation 65 'mul' 'mul_ln18' <Predicate = true> <Delay = 1.09> <Core = "DSP48">   --->   Core 88 'DSP48' <Latency = 2> <II = 1> <Delay = 2.66> <IPBlock> <Opcode : 'mul' 'add' 'sub' 'select'> <InPorts = 0> <OutPorts = 1> <Sync> <CReg>

State 9 <SV = 8> <Delay = 2.71>
ST_9 : Operation 66 [1/3] (0.00ns) (grouped into DSP with root node add_ln59)   --->   "%m = mul i32 %sext_ln7_5, %sext_ln7_4" [mac.c:7->mixer.c:8->mixer.c:59]   --->   Operation 66 'mul' 'm' <Predicate = true> <Delay = 0.00> <Core = "DSP48">   --->   Core 88 'DSP48' <Latency = 2> <II = 1> <Delay = 2.66> <IPBlock> <Opcode : 'mul' 'add' 'sub' 'select'> <InPorts = 0> <OutPorts = 1> <Sync> <CReg>
ST_9 : Operation 67 [1/1] (2.71ns) (root node of the DSP)   --->   "%add_ln59 = add i32 %m, %mul_ln4" [mixer.c:59]   --->   Operation 67 'add' 'add_ln59' <Predicate = true> <Delay = 2.71> <Core = "DSP48">   --->   Core 88 'DSP48' <Latency = 2> <II = 1> <Delay = 2.66> <IPBlock> <Opcode : 'mul' 'add' 'sub' 'select'> <InPorts = 0> <OutPorts = 1> <Sync> <CReg>
ST_9 : Operation 68 [1/3] (0.00ns) (grouped into DSP with root node add_ln60)   --->   "%mul_ln18 = mul i32 %sext_ln18_1, %sext_ln18" [mixer.c:18->mixer.c:60]   --->   Operation 68 'mul' 'mul_ln18' <Predicate = true> <Delay = 0.00> <Core = "DSP48">   --->   Core 88 'DSP48' <Latency = 2> <II = 1> <Delay = 2.66> <IPBlock> <Opcode : 'mul' 'add' 'sub' 'select'> <InPorts = 0> <OutPorts = 1> <Sync> <CReg>
ST_9 : Operation 69 [1/1] (2.71ns) (root node of the DSP)   --->   "%add_ln60 = add i32 %mul_ln18, %mul_ln4" [mixer.c:60]   --->   Operation 69 'add' 'add_ln60' <Predicate = true> <Delay = 2.71> <Core = "DSP48">   --->   Core 88 'DSP48' <Latency = 2> <II = 1> <Delay = 2.66> <IPBlock> <Opcode : 'mul' 'add' 'sub' 'select'> <InPorts = 0> <OutPorts = 1> <Sync> <CReg>

State 10 <SV = 9> <Delay = 1.51>
ST_10 : Operation 70 [1/1] (0.00ns)   --->   "%trunc_ln = call i18 @_ssdm_op_PartSelect.i18.i32.i32.i32(i32 %add_ln59, i32 14, i32 31)" [mixer.c:59]   --->   Operation 70 'partselect' 'trunc_ln' <Predicate = (!and_ln45 & valid_in)> <Delay = 0.00>
ST_10 : Operation 71 [1/1] (0.00ns)   --->   "call void @_ssdm_op_Write.ap_auto.i18P(i18* %Dout_I, i18 %trunc_ln) nounwind" [mixer.c:59]   --->   Operation 71 'write' <Predicate = (!and_ln45 & valid_in)> <Delay = 0.00>
ST_10 : Operation 72 [1/1] (0.00ns)   --->   "%trunc_ln1 = call i18 @_ssdm_op_PartSelect.i18.i32.i32.i32(i32 %add_ln60, i32 14, i32 31)" [mixer.c:60]   --->   Operation 72 'partselect' 'trunc_ln1' <Predicate = (!and_ln45 & valid_in)> <Delay = 0.00>
ST_10 : Operation 73 [1/1] (0.00ns)   --->   "call void @_ssdm_op_Write.ap_auto.i18P(i18* %Dout_Q, i18 %trunc_ln1) nounwind" [mixer.c:60]   --->   Operation 73 'write' <Predicate = (!and_ln45 & valid_in)> <Delay = 0.00>
ST_10 : Operation 74 [1/1] (1.08ns)   --->   "%icmp_ln62 = icmp eq i4 %index_load, -1" [mixer.c:62]   --->   Operation 74 'icmp' 'icmp_ln62' <Predicate = (!and_ln45 & valid_in)> <Delay = 1.08> <Core = "Cmp">   --->   Core 25 'Cmp' <Latency = 0> <II = 1> <Delay = 0.86> <FuncUnit> <Opcode : 'icmp'> <InPorts = 2> <OutPorts = 1>
ST_10 : Operation 75 [1/1] (0.00ns)   --->   "br i1 %icmp_ln62, label %4, label %._crit_edge2" [mixer.c:62]   --->   Operation 75 'br' <Predicate = (!and_ln45 & valid_in)> <Delay = 0.00>
ST_10 : Operation 76 [1/1] (0.00ns)   --->   "store i1 false, i1* @init_1, align 1" [mixer.c:64]   --->   Operation 76 'store' <Predicate = (!and_ln45 & valid_in & icmp_ln62)> <Delay = 0.00>
ST_10 : Operation 77 [1/1] (0.00ns)   --->   "br label %._crit_edge2" [mixer.c:65]   --->   Operation 77 'br' <Predicate = (!and_ln45 & valid_in & icmp_ln62)> <Delay = 0.00>
ST_10 : Operation 78 [1/1] (0.00ns)   --->   "br label %._crit_edge" [mixer.c:66]   --->   Operation 78 'br' <Predicate = (!and_ln45 & valid_in)> <Delay = 0.00>
ST_10 : Operation 79 [1/1] (0.00ns)   --->   "br label %5"   --->   Operation 79 'br' <Predicate = (!and_ln45)> <Delay = 0.00>
ST_10 : Operation 80 [1/1] (1.08ns)   --->   "%icmp_ln68 = icmp eq i4 %index_load, -1" [mixer.c:68]   --->   Operation 80 'icmp' 'icmp_ln68' <Predicate = true> <Delay = 1.08> <Core = "Cmp">   --->   Core 25 'Cmp' <Latency = 0> <II = 1> <Delay = 0.86> <FuncUnit> <Opcode : 'icmp'> <InPorts = 2> <OutPorts = 1>
ST_10 : Operation 81 [1/1] (0.00ns)   --->   "br i1 %icmp_ln68, label %6, label %._crit_edge3" [mixer.c:68]   --->   Operation 81 'br' <Predicate = true> <Delay = 0.00>
ST_10 : Operation 82 [1/1] (0.61ns)   --->   "%xor_ln68 = xor i1 %ch_1_load, true" [mixer.c:68]   --->   Operation 82 'xor' 'xor_ln68' <Predicate = (icmp_ln68)> <Delay = 0.61> <Core = "LogicGate">   --->   Core 27 'LogicGate' <Latency = 0> <II = 1> <Delay = 0.61> <FuncUnit> <Opcode : 'and' 'or' 'xor'> <InPorts = 2> <OutPorts = 1>
ST_10 : Operation 83 [1/1] (0.00ns)   --->   "store i1 %xor_ln68, i1* @ch_1, align 1" [mixer.c:68]   --->   Operation 83 'store' <Predicate = (icmp_ln68)> <Delay = 0.00>
ST_10 : Operation 84 [1/1] (0.00ns)   --->   "br label %._crit_edge3" [mixer.c:68]   --->   Operation 84 'br' <Predicate = (icmp_ln68)> <Delay = 0.00>
ST_10 : Operation 85 [1/1] (0.00ns)   --->   "br i1 %valid_in, label %7, label %._crit_edge4" [mixer.c:69]   --->   Operation 85 'br' <Predicate = true> <Delay = 0.00>
ST_10 : Operation 86 [1/1] (1.32ns)   --->   "%add_ln69 = add i4 %index_load, 1" [mixer.c:69]   --->   Operation 86 'add' 'add_ln69' <Predicate = (valid_in)> <Delay = 1.32> <Core = "AddSub">   --->   Core 14 'AddSub' <Latency = 0> <II = 1> <Delay = 1.32> <FuncUnit> <Opcode : 'add' 'sub'> <InPorts = 2> <OutPorts = 1>
ST_10 : Operation 87 [1/1] (0.00ns)   --->   "store i4 %add_ln69, i4* @index, align 1" [mixer.c:69]   --->   Operation 87 'store' <Predicate = (valid_in)> <Delay = 0.00>
ST_10 : Operation 88 [1/1] (0.00ns)   --->   "br label %._crit_edge4" [mixer.c:69]   --->   Operation 88 'br' <Predicate = (valid_in)> <Delay = 0.00>
ST_10 : Operation 89 [1/1] (0.86ns)   --->   "%icmp_ln70 = icmp eq i3 %i_1_load, -3" [mixer.c:70]   --->   Operation 89 'icmp' 'icmp_ln70' <Predicate = true> <Delay = 0.86> <Core = "Cmp">   --->   Core 25 'Cmp' <Latency = 0> <II = 1> <Delay = 0.86> <FuncUnit> <Opcode : 'icmp'> <InPorts = 2> <OutPorts = 1>
ST_10 : Operation 90 [1/1] (0.65ns)   --->   "%inc_1 = select i1 %icmp_ln70, i3 0, i3 %inc" [mixer.c:70]   --->   Operation 90 'select' 'inc_1' <Predicate = true> <Delay = 0.65> <Core = "Sel">   --->   Core 26 'Sel' <Latency = 0> <II = 1> <Delay = 0.65> <FuncUnit> <Opcode : 'select'> <InPorts = 3> <OutPorts = 1>
ST_10 : Operation 91 [1/1] (0.00ns)   --->   "store i3 %inc_1, i3* @i_1, align 1" [mixer.c:70]   --->   Operation 91 'store' <Predicate = true> <Delay = 0.00>
ST_10 : Operation 92 [1/1] (0.00ns)   --->   "ret void" [mixer.c:71]   --->   Operation 92 'ret' <Predicate = true> <Delay = 0.00>


============================================================
+ Verbose Summary: Timing violations
============================================================
Target clock period: 2.71ns, clock uncertainty: 0.339ns.

 <State 1>: 2.04ns
The critical path consists of the following:
	wire read on port 'freq' (mixer.c:22) [19]  (0 ns)
	'select' operation ('freq', mixer.c:39) [25]  (0.549 ns)
	'add' operation ('add_ln12', dds.c:12->mixer.c:49) [34]  (1.49 ns)

 <State 2>: 1.34ns
The critical path consists of the following:
	'sub' operation ('phase2', dds.c:32->mixer.c:49) [40]  (1.34 ns)

 <State 3>: 1.33ns
The critical path consists of the following:
	'getelementptr' operation ('dds_table_addr', dds.c:26->mixer.c:49) [38]  (0 ns)
	'load' operation ('sine', dds.c:26->mixer.c:49) on array 'dds_table' [39]  (1.33 ns)

 <State 4>: 1.33ns
The critical path consists of the following:
	'load' operation ('sine', dds.c:26->mixer.c:49) on array 'dds_table' [39]  (1.33 ns)

 <State 5>: 2.71ns
The critical path consists of the following:
	'sub' operation of DSP[52] ('tmp', mixer.c:7->mixer.c:58) [49]  (1.62 ns)
	'mul' operation of DSP[52] ('mul_ln4', mixer.c:4->mixer.c:59) [52]  (1.09 ns)

 <State 6>: 1.43ns
The critical path consists of the following:
	'load' operation ('Din_re', mixer.c:50) on array 'DI_cache' [46]  (1.43 ns)

 <State 7>: 2.71ns
The critical path consists of the following:
	'sub' operation of DSP[59] ('tmp', mixer.c:7->mixer.c:59) [55]  (1.62 ns)
	'mul' operation of DSP[59] ('m', mac.c:7->mixer.c:8->mixer.c:59) [58]  (1.09 ns)

 <State 8>: 1.09ns
The critical path consists of the following:
	'mul' operation of DSP[59] ('m', mac.c:7->mixer.c:8->mixer.c:59) [58]  (1.09 ns)

 <State 9>: 2.71ns
The critical path consists of the following:
	'mul' operation of DSP[59] ('m', mac.c:7->mixer.c:8->mixer.c:59) [58]  (0 ns)
	'add' operation of DSP[59] ('add_ln59', mixer.c:59) [59]  (2.71 ns)

 <State 10>: 1.52ns
The critical path consists of the following:
	'icmp' operation ('icmp_ln70', mixer.c:70) [97]  (0.864 ns)
	'select' operation ('inc', mixer.c:70) [98]  (0.654 ns)


============================================================
+ Verbose Summary: Binding
============================================================
N/A
* FSMD analyzer results:
  - Output states:
 - Input state : 
  - Chain level:
	State 1
	State 2
	State 3
	State 4
	State 5
	State 6
	State 7
	State 8
	State 9
	State 10


============================================================
+ Verbose Summary: Datapath Resource usage 
============================================================
N/A
