

================================================================
== Vivado HLS Report for 'imf2'
================================================================
* Date:           Tue Feb 11 19:58:36 2020

* Version:        2019.2 (Build 2704478 on Wed Nov 06 22:10:23 MST 2019)
* Project:        duc_prj
* Solution:       solution1
* Product family: kintex7
* Target device:  xc7k160t-fbg484-1


================================================================
== Performance Estimates
================================================================
+ Timing: 
    * Summary: 
    +--------+---------+----------+------------+
    |  Clock |  Target | Estimated| Uncertainty|
    +--------+---------+----------+------------+
    |ap_clk  | 2.71 ns | 2.361 ns |   0.34 ns  |
    +--------+---------+----------+------------+

+ Latency: 
    * Summary: 
    +---------+---------+-----------+-----------+-----+-----+---------+
    |  Latency (cycles) |   Latency (absolute)  |  Interval | Pipeline|
    |   min   |   max   |    min    |    max    | min | max |   Type  |
    +---------+---------+-----------+-----------+-----+-----+---------+
    |        7|        7| 18.970 ns | 18.970 ns |    7|    7|   none  |
    +---------+---------+-----------+-----------+-----+-----+---------+

    + Detail: 
        * Instance: 
        N/A

        * Loop: 
        N/A



================================================================
== Utilization Estimates
================================================================
* Summary: 
+-----------------+---------+-------+--------+--------+-----+
|       Name      | BRAM_18K| DSP48E|   FF   |   LUT  | URAM|
+-----------------+---------+-------+--------+--------+-----+
|DSP              |        -|      1|       -|       -|    -|
|Expression       |        -|      -|       0|     217|    -|
|FIFO             |        -|      -|       -|       -|    -|
|Instance         |        -|      -|       -|       -|    -|
|Memory           |        0|      -|      94|      20|    0|
|Multiplexer      |        -|      -|       -|      59|    -|
|Register         |        -|      -|     279|       -|    -|
+-----------------+---------+-------+--------+--------+-----+
|Total            |        0|      1|     373|     296|    0|
+-----------------+---------+-------+--------+--------+-----+
|Available        |      650|    600|  202800|  101400|    0|
+-----------------+---------+-------+--------+--------+-----+
|Utilization (%)  |        0|   ~0  |   ~0   |   ~0   |    0|
+-----------------+---------+-------+--------+--------+-----+

+ Detail: 
    * Instance: 
    N/A

    * DSP48E: 
    +-------------------------+----------------------+-----------+
    |         Instance        |        Module        | Expression|
    +-------------------------+----------------------+-----------+
    |duc_mul_mul_18s_1bkb_U1  |duc_mul_mul_18s_1bkb  |  i0 * i1  |
    +-------------------------+----------------------+-----------+

    * Memory: 
    +-----------------+--------------------+---------+----+----+-----+------+-----+------+-------------+
    |      Memory     |       Module       | BRAM_18K| FF | LUT| URAM| Words| Bits| Banks| W*Bits*Banks|
    +-----------------+--------------------+---------+----+----+-----+------+-----+------+-------------+
    |c_1_U            |imf2_c_1            |        0|  18|   4|    0|    12|   18|     1|          216|
    |shift_reg_p_1_U  |imf2_shift_reg_p_1  |        0|  76|  16|    0|    26|   38|     1|          988|
    +-----------------+--------------------+---------+----+----+-----+------+-----+------+-------------+
    |Total            |                    |        0|  94|  20|    0|    38|   56|     2|         1204|
    +-----------------+--------------------+---------+----+----+-----+------+-----+------+-------------+

    * FIFO: 
    N/A

    * Expression: 
    +-----------------------+----------+-------+---+----+------------+------------+
    |     Variable Name     | Operation| DSP48E| FF| LUT| Bitwidth P0| Bitwidth P1|
    +-----------------------+----------+-------+---+----+------------+------------+
    |add_ln35_fu_242_p2     |     +    |      0|  0|  10|           2|           1|
    |add_ln37_1_fu_200_p2   |     +    |      0|  0|  42|          35|          35|
    |inc_fu_118_p2          |     +    |      0|  0|  13|           1|           4|
    |sum_fu_195_p2          |     +    |      0|  0|  45|          38|          38|
    |and_ln27_fu_165_p2     |    and   |      0|  0|   6|           1|           1|
    |icmp_ln22_fu_90_p2     |   icmp   |      0|  0|   9|           4|           1|
    |icmp_ln27_1_fu_148_p2  |   icmp   |      0|  0|   9|           4|           3|
    |icmp_ln27_fu_143_p2    |   icmp   |      0|  0|   9|           4|           4|
    |icmp_ln31_fu_219_p2    |   icmp   |      0|  0|   8|           2|           2|
    |or_ln27_1_fu_171_p2    |    or    |      0|  0|   6|           1|           1|
    |or_ln27_fu_159_p2      |    or    |      0|  0|   6|           1|           1|
    |inc_3_fu_263_p3        |  select  |      0|  0|   4|           1|           1|
    |select_ln27_fu_177_p3  |  select  |      0|  0|  38|           1|           1|
    |xor_ln27_fu_153_p2     |    xor   |      0|  0|   6|           1|           2|
    |xor_ln33_fu_231_p2     |    xor   |      0|  0|   6|           1|           2|
    +-----------------------+----------+-------+---+----+------------+------------+
    |Total                  |          |      0|  0| 217|          97|          97|
    +-----------------------+----------+-------+---+----+------------+------------+

    * Multiplexer: 
    +------------------------+----+-----------+-----+-----------+
    |          Name          | LUT| Input Size| Bits| Total Bits|
    +------------------------+----+-----------+-----+-----------+
    |ap_NS_fsm               |  44|          9|    1|          9|
    |shift_reg_p_1_address0  |  15|          3|    5|         15|
    +------------------------+----+-----------+-----+-----------+
    |Total                   |  59|         12|    6|         24|
    +------------------------+----+-----------+-----+-----------+

    * Register: 
    +----------------------+----+----+-----+-----------+
    |         Name         | FF | LUT| Bits| Const Bits|
    +----------------------+----+----+-----+-----------+
    |add_ln37_1_reg_360    |  35|   0|   35|          0|
    |ap_CS_fsm             |   8|   0|    8|          0|
    |c_1_load_reg_298      |  18|   0|   18|          0|
    |ch_2                  |   1|   0|    1|          0|
    |ch_2_load_reg_319     |   1|   0|    1|          0|
    |cnt                   |   2|   0|    2|          0|
    |i_3                   |   4|   0|    4|          0|
    |i_3_load_reg_282      |   4|   0|    4|          0|
    |icmp_ln27_reg_330     |   1|   0|    1|          0|
    |in_2                  |  18|   0|   18|          0|
    |inc_reg_313           |   4|   0|    4|          0|
    |init_3                |   1|   0|    1|          0|
    |m_reg_340             |  36|   0|   36|          0|
    |select_ln27_reg_335   |  38|   0|   38|          0|
    |sum_reg_355           |  38|   0|   38|          0|
    |trunc_ln37_1_reg_350  |  35|   0|   35|          0|
    |trunc_ln37_reg_345    |  35|   0|   35|          0|
    +----------------------+----+----+-----+-----------+
    |Total                 | 279|   0|  279|          0|
    +----------------------+----+----+-----+-----------+



================================================================
== Interface
================================================================
* Summary: 
+-----------+-----+-----+------------+--------------+--------------+
| RTL Ports | Dir | Bits|  Protocol  | Source Object|    C Type    |
+-----------+-----+-----+------------+--------------+--------------+
|ap_clk     |  in |    1| ap_ctrl_hs |     imf2     | return value |
|ap_rst     |  in |    1| ap_ctrl_hs |     imf2     | return value |
|ap_start   |  in |    1| ap_ctrl_hs |     imf2     | return value |
|ap_done    | out |    1| ap_ctrl_hs |     imf2     | return value |
|ap_idle    | out |    1| ap_ctrl_hs |     imf2     | return value |
|ap_ready   | out |    1| ap_ctrl_hs |     imf2     | return value |
|ap_return  | out |   18| ap_ctrl_hs |     imf2     | return value |
|x          |  in |   18|   ap_none  |       x      |    scalar    |
+-----------+-----+-----+------------+--------------+--------------+

